---
source: tests/requests/books.rs
expression: response.text()
---
"[{\"id\":1,\"title\":\"Book 1\",\"description\":\"Description 1\",\"cover_image\":null,\"parent_id\":null,\"sort_order\":null,\"is_public\":null,\"user_id\":1,\"created_at\":\"2025-10-07T17:19:30Z\",\"updated_at\":\"2025-10-07T17:19:30Z\"},{\"id\":2,\"title\":\"Book 2\",\"description\":\"Description 2\",\"cover_image\":null,\"parent_id\":null,\"sort_order\":null,\"is_public\":null,\"user_id\":1,\"created_at\":\"2025-10-07T17:19:30Z\",\"updated_at\":\"2025-10-07T17:19:30Z\"}]"
