---
source: tests/requests/books.rs
expression: response.text()
---
"{\"id\":1,\"title\":\"Updated Title\",\"description\":\"Updated Description\",\"cover_image\":null,\"parent_id\":null,\"sort_order\":null,\"is_public\":null,\"user_id\":1,\"created_at\":\"2025-10-08T05:54:46Z\",\"updated_at\":\"2025-10-08T05:54:46.456100Z\"}"
