---
source: tests/requests/chapters.rs
expression: chapters
---
[
    Object {
        "book_id": Number(1),
        "created_at": String("2025-10-08T15:50:34Z"),
        "description": Null,
        "id": Number(3),
        "level": Number(0),
        "media_count": Number(0),
        "parent_id": Null,
        "path": String("3"),
        "sort_order": Number(1),
        "title": String("Chapter 3"),
        "updated_at": String("2025-10-08T15:50:34.284248Z"),
    },
    Object {
        "book_id": Number(1),
        "created_at": String("2025-10-08T15:50:34Z"),
        "description": Null,
        "id": Number(1),
        "level": Number(0),
        "media_count": Number(0),
        "parent_id": Null,
        "path": String("1"),
        "sort_order": Number(2),
        "title": String("Chapter 1"),
        "updated_at": String("2025-10-08T15:50:34.284670Z"),
    },
    Object {
        "book_id": Number(1),
        "created_at": String("2025-10-08T15:50:34Z"),
        "description": Null,
        "id": Number(2),
        "level": Number(0),
        "media_count": Number(0),
        "parent_id": Null,
        "path": String("2"),
        "sort_order": Number(3),
        "title": String("Chapter 2"),
        "updated_at": String("2025-10-08T15:50:34.285002Z"),
    },
]
