---
source: tests/requests/auth.rs
expression: "(response.status_code(), response.text())"
---
(
    200,
    "{\"pid\":\"PID\",\"name\":\"loco\",\"email\":\"test@loco.com\",\"is_staff\":false,\"is_superuser\":false}",
)
