---
source: tests/requests/auth.rs
expression: login_response.text()
---
"{\"token\":\"TOKEN\",\"pid\":\"PID\",\"name\":\"loco\",\"is_verified\":false,\"is_staff\":false,\"is_superuser\":false}"
