---
source: tests/requests/books.rs
expression: response.text()
---
"[{\"id\":1,\"title\":\"Rust 编程\",\"description\":\"学习 Rust\",\"cover_image\":null,\"parent_id\":null,\"sort_order\":null,\"is_public\":null,\"user_id\":1,\"created_at\":\"2025-10-10T16:59:44Z\",\"updated_at\":\"2025-10-10T16:59:44Z\",\"media_count\":0,\"chapter_count\":0},{\"id\":3,\"title\":\"Rust 高级\",\"description\":\"深入 Rust\",\"cover_image\":null,\"parent_id\":null,\"sort_order\":null,\"is_public\":null,\"user_id\":1,\"created_at\":\"2025-10-10T16:59:44Z\",\"updated_at\":\"2025-10-10T16:59:44Z\",\"media_count\":0,\"chapter_count\":0}]"
