---
source: tests/requests/books.rs
expression: response.text()
---
"{\"id\":1,\"title\":\"Book to Reorder\",\"description\":null,\"cover_image\":null,\"parent_id\":null,\"sort_order\":10,\"is_public\":null,\"user_id\":1,\"created_at\":\"2025-10-10T15:48:19Z\",\"updated_at\":\"2025-10-10T15:48:19.217285Z\",\"media_count\":0,\"chapter_count\":0}"
