---
source: tests/requests/medias.rs
expression: media_response
---
Object {
    "access_token": String("dae39a60-490e-42db-8901-392044b87a4f"),
    "access_url": String("http://localhost:5150/public/media/dae39a60-490e-42db-8901-392044b87a4f"),
    "book_id": Number(1),
    "chapter_id": Null,
    "created_at": String("2025-10-09T10:16:52Z"),
    "description": String("Test Description"),
    "duration": Number(120),
    "file_path": String("/test/path.mp3"),
    "file_size": Number(1024000),
    "file_type": String("audio"),
    "file_version": Number(1),
    "id": Number(1),
    "is_public": Bool(false),
    "mime_type": String("audio/mpeg"),
    "original_filename": String("test.mp3"),
    "play_count": Number(0),
    "qr_code_path": Null,
    "title": String("Test Media"),
    "updated_at": String("2025-10-09T10:16:52.595590Z"),
    "user_id": Number(1),
}
