---
source: tests/requests/medias.rs
expression: all_medias
---
[
    Object {
        "access_token": String("5d6617f6-74fe-4089-9283-4e6a625e27ab"),
        "access_url": String("http://localhost:5150/public/media/5d6617f6-74fe-4089-9283-4e6a625e27ab"),
        "book_id": Number(1),
        "chapter_id": Number(1),
        "created_at": String("2025-10-10T09:59:41Z"),
        "description": String("Media in parent chapter"),
        "duration": Number(120),
        "file_path": String("/test/path.mp3"),
        "file_size": Number(1024000),
        "file_type": String("audio"),
        "file_version": Number(1),
        "id": Number(1),
        "is_public": Bool(false),
        "mime_type": String("audio/mpeg"),
        "original_filename": String("test.mp3"),
        "play_count": Number(0),
        "qr_code_path": Null,
        "title": String("Parent Media"),
        "updated_at": String("2025-10-10T09:59:41.286092Z"),
        "user_id": Number(1),
    },
    Object {
        "access_token": String("67f16fdf-c857-4566-8890-ef2564928aa5"),
        "access_url": String("http://localhost:5150/public/media/67f16fdf-c857-4566-8890-ef2564928aa5"),
        "book_id": Number(1),
        "chapter_id": Number(2),
        "created_at": String("2025-10-10T09:59:41Z"),
        "description": String("Media in child chapter"),
        "duration": Number(120),
        "file_path": String("/test/path.mp3"),
        "file_size": Number(1024000),
        "file_type": String("audio"),
        "file_version": Number(1),
        "id": Number(2),
        "is_public": Bool(false),
        "mime_type": String("audio/mpeg"),
        "original_filename": String("test.mp3"),
        "play_count": Number(0),
        "qr_code_path": Null,
        "title": String("Child Media"),
        "updated_at": String("2025-10-10T09:59:41.287838Z"),
        "user_id": Number(1),
    },
    Object {
        "access_token": String("305f3e6d-3f4f-40de-ac75-f4d7f0783ed7"),
        "access_url": String("http://localhost:5150/public/media/305f3e6d-3f4f-40de-ac75-f4d7f0783ed7"),
        "book_id": Number(1),
        "chapter_id": Number(3),
        "created_at": String("2025-10-10T09:59:41Z"),
        "description": String("Media in grandchild chapter"),
        "duration": Number(120),
        "file_path": String("/test/path.mp3"),
        "file_size": Number(1024000),
        "file_type": String("audio"),
        "file_version": Number(1),
        "id": Number(3),
        "is_public": Bool(false),
        "mime_type": String("audio/mpeg"),
        "original_filename": String("test.mp3"),
        "play_count": Number(0),
        "qr_code_path": Null,
        "title": String("Grandchild Media"),
        "updated_at": String("2025-10-10T09:59:41.288889Z"),
        "user_id": Number(1),
    },
]
